// Jest Snapshot v1, https://goo.gl/fbAQLP

exports[`snapshots App snapshots 1`] = `
<div>
  <Connect(MainForm) />
</div>
`;

exports[`snapshots CompletedForm snapshots 1`] = `<Connect(CompletedForm) />`;

exports[`snapshots EmailForm snapshots 1`] = `<Connect(EmailForm) />`;

exports[`snapshots MainForm snapshots 1`] = `<Connect(MainForm) />`;

exports[`snapshots PersonalDetailsForm snapshots 1`] = `<Connect(PersonalDetailsForm) />`;
